./engine/BBPPAIRINGS-SOURCE.txt: OK
./engine/GACRUX-LICENSE.txt: OK
./engine/GACRUX-SOURCE.txt: OK
./engine/gacrux/_internal/VCRUNTIME140.dll: OK
./engine/gacrux/_internal/_bz2.pyd: OK
./engine/gacrux/_internal/_decimal.pyd: OK
./engine/gacrux/_internal/_elementtree.pyd: OK
./engine/gacrux/_internal/_hashlib.pyd: OK
./engine/gacrux/_internal/_lzma.pyd: OK
./engine/gacrux/_internal/_queue.pyd: OK
./engine/gacrux/_internal/_socket.pyd: OK
./engine/gacrux/_internal/_ssl.pyd: OK
./engine/gacrux/_internal/_zstd.pyd: OK
./engine/gacrux/_internal/api-ms-win-core-console-l1-1-0.dll: OK
./engine/gacrux/_internal/api-ms-win-core-datetime-l1-1-0.dll: OK
./engine/gacrux/_internal/api-ms-win-core-debug-l1-1-0.dll: OK
./engine/gacrux/_internal/api-ms-win-core-errorhandling-l1-1-0.dll: OK
./engine/gacrux/_internal/api-ms-win-core-fibers-l1-1-0.dll: OK
./engine/gacrux/_internal/api-ms-win-core-fibers-l1-1-1.dll: OK
./engine/gacrux/_internal/api-ms-win-core-file-l1-1-0.dll: OK
./engine/gacrux/_internal/api-ms-win-core-file-l1-2-0.dll: OK
./engine/gacrux/_internal/api-ms-win-core-file-l2-1-0.dll: OK
./engine/gacrux/_internal/api-ms-win-core-handle-l1-1-0.dll: OK
./engine/gacrux/_internal/api-ms-win-core-heap-l1-1-0.dll: OK
./engine/gacrux/_internal/api-ms-win-core-interlocked-l1-1-0.dll: OK
./engine/gacrux/_internal/api-ms-win-core-kernel32-legacy-l1-1-1.dll: OK
./engine/gacrux/_internal/api-ms-win-core-libraryloader-l1-1-0.dll: OK
./engine/gacrux/_internal/api-ms-win-core-localization-l1-2-0.dll: OK
./engine/gacrux/_internal/api-ms-win-core-memory-l1-1-0.dll: OK
./engine/gacrux/_internal/api-ms-win-core-namedpipe-l1-1-0.dll: OK
./engine/gacrux/_internal/api-ms-win-core-processenvironment-l1-1-0.dll: OK
./engine/gacrux/_internal/api-ms-win-core-processthreads-l1-1-0.dll: OK
./engine/gacrux/_internal/api-ms-win-core-processthreads-l1-1-1.dll: OK
./engine/gacrux/_internal/api-ms-win-core-profile-l1-1-0.dll: OK
./engine/gacrux/_internal/api-ms-win-core-rtlsupport-l1-1-0.dll: OK
./engine/gacrux/_internal/api-ms-win-core-string-l1-1-0.dll: OK
./engine/gacrux/_internal/api-ms-win-core-synch-l1-1-0.dll: OK
./engine/gacrux/_internal/api-ms-win-core-synch-l1-2-0.dll: OK
./engine/gacrux/_internal/api-ms-win-core-sysinfo-l1-1-0.dll: OK
./engine/gacrux/_internal/api-ms-win-core-sysinfo-l1-2-0.dll: OK
./engine/gacrux/_internal/api-ms-win-core-timezone-l1-1-0.dll: OK
./engine/gacrux/_internal/api-ms-win-core-util-l1-1-0.dll: OK
./engine/gacrux/_internal/api-ms-win-crt-conio-l1-1-0.dll: OK
./engine/gacrux/_internal/api-ms-win-crt-convert-l1-1-0.dll: OK
./engine/gacrux/_internal/api-ms-win-crt-environment-l1-1-0.dll: OK
./engine/gacrux/_internal/api-ms-win-crt-filesystem-l1-1-0.dll: OK
./engine/gacrux/_internal/api-ms-win-crt-heap-l1-1-0.dll: OK
./engine/gacrux/_internal/api-ms-win-crt-locale-l1-1-0.dll: OK
./engine/gacrux/_internal/api-ms-win-crt-math-l1-1-0.dll: OK
./engine/gacrux/_internal/api-ms-win-crt-process-l1-1-0.dll: OK
./engine/gacrux/_internal/api-ms-win-crt-runtime-l1-1-0.dll: OK
./engine/gacrux/_internal/api-ms-win-crt-stdio-l1-1-0.dll: OK
./engine/gacrux/_internal/api-ms-win-crt-string-l1-1-0.dll: OK
./engine/gacrux/_internal/api-ms-win-crt-time-l1-1-0.dll: OK
./engine/gacrux/_internal/api-ms-win-crt-utility-l1-1-0.dll: OK
./engine/gacrux/_internal/base_library.zip: OK
./engine/gacrux/_internal/libcrypto-3.dll: OK
./engine/gacrux/_internal/libssl-3.dll: OK
./engine/gacrux/_internal/pyexpat.pyd: OK
./engine/gacrux/_internal/python314.dll: OK
./engine/gacrux/_internal/select.pyd: OK
./engine/gacrux/_internal/ucrtbase.dll: OK
./engine/gacrux/_internal/unicodedata.pyd: OK
./engine/gacrux/pairingchecker.exe: OK
./ChessPublisher.exe: OK
./ChessPublisher-LocalEngine.ps1: OK
./webview/HubAdapter.js: OK
./webview/WebViewAdapter.js: OK
./webview/CloudWorkspaceAdapter.js: OK
./cloud/client/cloud-workspace-api.js: OK
