PASS BETA19-LATE-ENTRY-PAIRING-EXPORT-POINTS-REGRESSION.js
KNOWN BETA20-REGISTRATION-WORKFLOW-RULES-REGRESSION.js approved historical exception
PASS BETA21-HUB-AUTH-PAIRINGS-EXPORT-UX-REGRESSION.js
PASS BETA22-TOURNAMENT-LOAD-PLAYERS-REGRESSION.js
PASS BETA23-STARTUP-PERFORMANCE-REGRESSION.js
PASS BETA24-COMPACT-PAIRINGS-EXPORT-REGRESSION.js
PASS BETA25-DELETE-ANYTIME-PAIRING-SAFETY-REGRESSION.js
PASS BETA26-EXACT-EXPORT-FORMATS-REGRESSION.js
PASS BETA27-LARGER-EXACT-EXPORT-FONT-REGRESSION.js
PASS BETA28-PAIRINGS-FONT-BOLD-CONTROLS-REGRESSION.js
SKIP BETA29-TRF-EXPORT-BROWSER-RUNTIME-SCENARIOS.js designated browser-runner skip
PASS BETA29-TRF-EXPORT-RELIABILITY-REGRESSION.js
PASS BETA30-ONLINE-HUB-MOCK-WORKFLOW.js
KNOWN BETA30-ONLINE-HUB-RELIABILITY-REGRESSION.js approved historical exception
PASS BETA33-AUTOMATIC-DESKTOP-WEB-SYNC-REGRESSION.js
PASS BETA35-PAIRING-INTEGRITY-VERIFICATION-REGRESSION.js
PASS BETA36-SENSITIVE-CONFIGURATION-PAIRING-REVALIDATION-REGRESSION.js
PASS BETA44-ADJOURNED-CONTINUITY-REGRESSION.js
PASS BETA44-ADJOURNED-GAMES-REGRESSION.js
PASS BETA45-UNUSUAL-OTB-RESULTS-REGRESSION.js
PASS BETA46-MANDATORY-SWISS-TIEBREAKS-REGRESSION.js
PASS BETA47-ENGLISH-MANUAL-REGRESSION.js
PASS BETA48-BYE-COMPLIANCE-REGRESSION.js
PASS BETA49-REPEAT-HPB-WARNING-REGRESSION.js
PASS BETA50-TPN-EXCHANGE-REGENERATION-REGRESSION.js
PASS BETA51-TOURNAMENT-RATING-METHODS-REGRESSION.js
PASS BETA52-RATING-PROVENANCE-REGRESSION.js
PASS BETA53-DATE-EFFECTIVE-RATING-CONSISTENCY-REGRESSION.js
PASS BETA54-RATING-LIST-FRESHNESS-REGRESSION.js
PASS BETA55-RATING-LIST-MAINTENANCE-REGRESSION.js
PASS BETA56-AUTOMATIC-RATING-CONSISTENCY-REGRESSION.js
PASS BETA57-OFFICIAL-TOURNAMENT-RATING-SEPARATION-REGRESSION.js
PASS BETA58-EFFECTIVE-RAPID-BLITZ-RATING-LISTS-REGRESSION.js
PASS BETA59-DEFAULT-RATING-LIST-SEQUENCE-REGRESSION.js
PASS BETA60-POST-TOURNAMENT-RATING-REPORT-CORRECTIONS-REGRESSION.js
PASS BETA61-TRF26-COMPLETENESS-REGRESSION.js
PASS BETA62-RATING-LIST-SEQUENCE-EDITOR-REGRESSION.js
PASS BETA63-ROUND-ROBIN-MANUAL-COVERAGE-REGRESSION.js
PASS BETA64-PIBE-WARNING-COVERAGE-REGRESSION.js
PASS BETA65-TYPE-A-RATING-LISTS-REGRESSION.js
PASS BETA66-RATING-LIST-SEQUENCE-CONSISTENCY-REGRESSION.js
PASS BETA67-PUBLISHED-PAIRING-ORDERING-REGRESSION.js
PASS BETA68-GACRUX-RUNTIME-HARDENING-REGRESSION.js
PASS BETA68-PREVIOUS-ROUND-CORRECTION-WINDOW-REGRESSION.js
PASS BETA69-TIED-FINAL-PLACES-REGRESSION.js
PASS BETA70-LONG-EVENT-RATING-HISTORY-REGRESSION.js
PASS BETA71-WINDOWS-FLUIDITY-V2-REGRESSION.js
PASS BETA72-DESKTOP-WEB-DIRECTIONAL-CLOUD-SYNC-REGRESSION.js
PASS BETA72-WINDOWS-INTEGRATED-RATING-LISTS-REGRESSION.js
PASS BETA73-TEC-Q214-Q216-RATING-POLICY-REGRESSION.js
PASS BETA74-TEC-UI-FINAL-GAPS-REGRESSION.js
PASS BETA74-WEB-RESULT-DOWNLOAD-REGRESSION.js
PASS BETA75-MY-CLOUD-TOURNAMENTS-IRON-LOGIC-REGRESSION.js
PASS BETA76-MY-CLOUD-AUTHORITATIVE-LIST-REGRESSION.js
PASS BETA77-COPIED-TOURNAMENT-CLOUD-IDENTITY-REGRESSION.js
PASS BETA78-UNIFIED-SYNC-CURRENT-REGRESSION.js
PASS CLOUD-WORKSPACE-BETA10-PUBLIC-HUB-STAYS-REGRESSION.js
PASS CLOUD-WORKSPACE-BETA11-ORGANIZER-TOKEN-UI-REGRESSION.js
PASS CLOUD-WORKSPACE-BETA12-SMART-SCHEDULE-REGRESSION.js
PASS CLOUD-WORKSPACE-BETA3-REGRESSION.js
KNOWN CLOUD-WORKSPACE-BETA4-REGRESSION.js approved historical exception
PASS CLOUD-WORKSPACE-BETA5-CONTINUATION-REGRESSION.js
PASS CLOUD-WORKSPACE-BETA6-PRODUCTION-WEB-REGRESSION.js
PASS CLOUD-WORKSPACE-BETA7-ONLINE-HUB-POLISH-REGRESSION.js
PASS CLOUD-WORKSPACE-BETA8-ONLINE-HUB-WORKFLOW-POLISH-REGRESSION.js
PASS CLOUD-WORKSPACE-BETA9-SYNC-ONLY-WEB-CLOUD-REGRESSION.js
PASS CUMULATIVE-BETA16-STARTUP-OPEN-EVENT-BINDING-REGRESSION.js
PASS FULL-PROGRAM-BETA17-TIEBREAK-HOTKEY-SAFETY-REGRESSION.js
PASS PAIRINGS-BETA18-CHESSRESULTS-PUBLISH-REGRESSION.js
PASS BETA79-PAIRINGS-SYNC-BUTTON-REGRESSION.js
PASS BETA80-TEC-EVIDENCE-Q98-Q125-Q218-Q221-REGRESSION.js
PASS BETA81-TYPE-B-RATING-LISTS-REGRESSION.js
PASS BETA82-ALL-SYNC-WEB-RESULTS-REGRESSION.js
PASS BETA83-CLOUD-ONLY-WORKSPACE-REGRESSION.js
SUMMARY PASS=70 KNOWN=3 SKIP=1 UNEXPECTED=0 TOTAL=74
